[backblue.gif]
[fade.gif]
[index.html]
[cdnjs.cloudflare.com/ajax/libs/font-awesome/4.7.0/css/font-awesome.min.css]
[pagead2.googlesyndication.com/pagead/js/f.txt]
[rlpsolution.com/ScriptResource4bf3.js]
[rlpsolution.com/ScriptResourced03c.js]
[rlpsolution.com/images/layerslider-gallery/ls-responsive-bg.jpg]
[rlpsolution.com/images/layerslider-gallery/responsive-imac.png]
[rlpsolution.com/images/layerslider-gallery/responsive-macbook.png]
[rlpsolution.com/images/layerslider-gallery/responsive-ipad.png]
[rlpsolution.com/images/layerslider-gallery/responsive-iphone.png]
[rlpsolution.com/images/layerslider-gallery/ls-content-bg.jpg]
[rlpsolution.com/images/layerslider-gallery/template-img.png]
[rlpsolution.com/images/layerslider-gallery/ls-elements-bg.jpg]
[rlpsolution.com/images/layerslider-gallery/ls-html5-bg.jpg]
[rlpsolution.com/images/layerslider-gallery/html5.png]
[rlpsolution.com/images/layerslider-gallery/css3.png]
[rlpsolution.com/images/layerslider-gallery/html-image.png]
[rlpsolution.com/img/about_img.png]
[rlpsolution.com/img/resource/mobile-recharge.png]
[rlpsolution.com/img/resource/dth.png]
[rlpsolution.com/img/resource/mobile_bill_payment.png]
[rlpsolution.com/img/resource/landline_bill_payment.png]
[rlpsolution.com/img/resource/electricity_bill_payment.png]
[rlpsolution.com/img/resource/aeps.png]
[rlpsolution.com/img/resource/pan_card.png]
[rlpsolution.com/img/resource/money_transfer.png]
[rlpsolution.com/img/resource/support.png]
[rlpsolution.com/img/resource/our-promiss.png]
[rlpsolution.com/img/resource/wallet-option.png]
[rlpsolution.com/img/resource/recharge-trust.png]
[rlpsolution.com/img/partner/1.png]
[rlpsolution.com/img/partner/2.png]
[rlpsolution.com/img/partner/3.png]
[rlpsolution.com/img/partner/4.png]
[rlpsolution.com/img/partner/5.png]
[rlpsolution.com/img/partner/6.png]
[rlpsolution.com/img/partner/7.png]
[rlpsolution.com/img/partner/9.png]
[rlpsolution.com/index.html]
[cdnjs.cloudflare.com/ajax/libs/font-awesome/4.7.0/css/font-awesome.min.css]
[rlpsolution.com/img/favicon.png]
[rlpsolution.com/css/font-awesome.css]
[rlpsolution.com/css/owl.css]
[rlpsolution.com/css/variable.css]
[rlpsolution.com/css/css.css]
[rlpsolution.com/css/css_002.css]
[rlpsolution.com/img/resource/bannerslider.jpg]
[rlpsolution.com/img/resource/pattern.png]
[rlpsolution.com/css/style.css]
[rlpsolution.com/css/bootstrap.css]
[rlpsolution.com/css/layerslider.css]
[rlpsolution.com/js/jquery-3.js]
[rlpsolution.com/js/jquery.js]
[rlpsolution.com/WebResourcea482.js]
[rlpsolution.com/ScriptResource4bf3.js]
[rlpsolution.com/ScriptResourced03c.js]
[rlpsolution.com/Default.html]
[rlpsolution.com/img/logo.html]
[rlpsolution.com/about_us.html]
[rlpsolution.com/services.html]
[rlpsolution.com/ScriptResource85e5.js]
[rlpsolution.com/ScriptResourcee488.axd]
[rlpsolution.com/ScriptResource323d.axd]
[rlpsolution.com/Contactus.html]
[rlpsolution.com/ScriptResource6489.axd]
[rlpsolution.com/root/images/adminbg.jpg]
[rlpsolution.com/root/login.html]
[rlpsolution.com/img/footer-logo.html]
[rlpsolution.com/img/partner/8.png]
[rlpsolution.com/img/resource/data-card.png]
[rlpsolution.com/js/bootstrap.js]
[rlpsolution.com/js/jquery-easing-1.3.js]
[rlpsolution.com/js/jquery-transit-modified.js]
[rlpsolution.com/js/layerslider.kreaturamedia.jquery.js]
[rlpsolution.com/js/script.js]
[rlpsolution.com/js/temp.js]
[rlpsolution.com/js/wow.js]
[rlpsolution.com/js/owl.js]
[rlpsolution.com/js/custom.js]
[rlpsolution.com/fonts/fontawesome-webfont3e6e.html]
[rlpsolution.com/fonts/fontawesome-webfontd41d.html]
[rlpsolution.com/fonts/fontawesome-webfont3e6e-2.html]
[rlpsolution.com/fonts/fontawesome-webfont3e6e-3.html]
[rlpsolution.com/fonts/fontawesome-webfont3e6e-4.html]
[rlpsolution.com/fonts/fontawesome-webfont3e6e-5.html]
[rlpsolution.com/css/owl.video.play.html]
[rlpsolution.com/css/animate.css]
[rlpsolution.com/assets/images/Banner-2.html]
[rlpsolution.com/img/Banner-3.html]
[rlpsolution.com/assets/images/reseller-bg.html]
[rlpsolution.com/assets/images/about-grow.html]
[rlpsolution.com/assets/images/offering-bg.html]
[rlpsolution.com/assets/images/team-bg.html]
[rlpsolution.com/images/port-hover.html]
[rlpsolution.com/assets/images/blog-banner.html]
[rlpsolution.com/assets/images/faq-banner.html]
[rlpsolution.com/assets/images/ourwork3.html]
[rlpsolution.com/assets/images/Greater-Southern-Home-Recreation.html]
[rlpsolution.com/assets/images/ez-bg.html]
[rlpsolution.com/assets/images/Banner-3.html]
[rlpsolution.com/img/bg/heading.html]
[rlpsolution.com/img/bg/bg-2.html]
[rlpsolution.com/fonts/glyphicons-halflings-regular.html]
[rlpsolution.com/fonts/glyphicons-halflings-regulard41dd41d.html]
[rlpsolution.com/fonts/glyphicons-halflings-regular-2.html]
[rlpsolution.com/fonts/glyphicons-halflings-regular-3.html]
[rlpsolution.com/fonts/glyphicons-halflings-regular-4.html]
[rlpsolution.com/fonts/glyphicons-halflings-regular-5.html]
[rlpsolution.com/css/blank.html]
[rlpsolution.com/POST.html]
[rlpsolution.com/Firefox/index.html]
[rlpsolution.com/AppleWebKit/index.html]
[rlpsolution.com/Opera/index.html]
[rlpsolution.com/MicrosoftAjaxWebForms.html]
[rlpsolution.com/MicrosoftAjaxSerialization.html]
[rlpsolution.com/MicrosoftAjaxNetwork.html]
[rlpsolution.com/ScriptResource85e5.js]
[rlpsolution.com/root/css/font-awesome.css]
[rlpsolution.com/root/images/banner.jpg]
[rlpsolution.com/root/css/style.css]
[rlpsolution.com/root/css/responsive.css]
[rlpsolution.com/images/favicon.html]
[rlpsolution.com/root/images/logo2.html]
[rlpsolution.com/images/warning.html]
[rlpsolution.com/popper.html]
[rlpsolution.com/8i/index.html]
[rlpsolution.com/62/index.html]
[rlpsolution.com/68/c2/index.html]
[rlpsolution.com/images/hire_iphone_slider_right.html]
[rlpsolution.com/images/text_right.html]
[rlpsolution.com/header.html]
[rlpsolution.com/footer.html]
[rlpsolution.com/package.html]
[rlpsolution.com/root/fonts/fontawesome-webfont5b62.html]
[rlpsolution.com/root/fonts/fontawesome-webfontd41d.html]
[rlpsolution.com/root/fonts/fontawesome-webfont5b62-2.html]
[rlpsolution.com/root/fonts/fontawesome-webfont5b62-3.html]
[rlpsolution.com/root/fonts/fontawesome-webfont5b62-4.html]
[rlpsolution.com/root/fonts/fontawesome-webfont5b62-5.html]
